ReservedWord, public
ReservedWord, class
ID, Histogram
Delimiter, {
ID, Histogram
Delimiter, (
ReservedWord, String
ID, name
Delimiter, )
Delimiter, {
ID, m_name
Delimiter, =
ID, name
Delimiter, ;
Delimiter, }
ReservedWord, public
ReservedWord, String
ID, getName
Delimiter, (
Delimiter, )
Delimiter, {
ReservedWord, return
ID, m_name
Delimiter, ;
Delimiter, }
ReservedWord, public
ReservedWord, void
ID, fill
Delimiter, (
ReservedWord, double
ID, value
Delimiter, ,
ReservedWord, double
ID, weight
Delimiter, )
Delimiter, {
Delimiter, }
ID, private
ReservedWord, String
ID, m_name
Delimiter, ;
Delimiter, }
