1.5
0.5
0.5
0.2
false
false
true
true
false
true
true
true
