150
50
5000
20
false
false
true
true
false
true
true
true
